../Core/Src/main.c:64:6:timer0Run	4	static
../Core/Src/main.c:73:6:setTimer0	16	static
../Core/Src/main.c:79:6:timer1Run	4	static
../Core/Src/main.c:88:6:setTimer1	16	static
../Core/Src/main.c:105:5:main	16	static
../Core/Src/main.c:232:6:SystemClock_Config	72	static
../Core/Src/main.c:271:13:MX_TIM2_Init	32	static
../Core/Src/main.c:316:13:MX_USART2_UART_Init	8	static
../Core/Src/main.c:349:13:MX_GPIO_Init	40	static
../Core/Src/main.c:396:6:HAL_TIM_PeriodElapsedCallback	16	static
../Core/Src/main.c:407:6:Error_Handler	4	static,ignoring_inline_asm
